// Jest Snapshot v1, https://goo.gl/fbAQLP

exports[`<Main /> It should render the heading 1`] = `
<main>
  <h1>
    Welcome to Next.js Boilerplate!
  </h1>
</main>
`;
